AR z1_muser_z2 behavioral "C:/Users/alfag/OneDrive/Pulpit/Projekty/UCISW/LAB 2/Z2.vhf" sub00/vhpl03 1699617036
EN z1_muser_z2 NULL "C:/Users/alfag/OneDrive/Pulpit/Projekty/UCISW/LAB 2/Z2.vhf" sub00/vhpl02 1699617035
AR z2 behavioral "C:/Users/alfag/OneDrive/Pulpit/Projekty/UCISW/LAB 2/Z2.vhf" sub00/vhpl05 1699617038
EN z1 NULL "C:/Users/alfag/OneDrive/Pulpit/Projekty/UCISW/LAB 2/Z1.vhf" sub00/vhpl00 1699617039
EN z2 NULL "C:/Users/alfag/OneDrive/Pulpit/Projekty/UCISW/LAB 2/Z2.vhf" sub00/vhpl04 1699617037
AR z1 behavioral "C:/Users/alfag/OneDrive/Pulpit/Projekty/UCISW/LAB 2/Z1.vhf" sub00/vhpl01 1699617040
